Archive member included to satisfy reference by file (symbol)

/usr/local/lib/gcc/avr/9.1.0/avr5/libgcc.a(_divmodhi4.o)
                              thermo.o (__divmodhi4)
/usr/local/lib/gcc/avr/9.1.0/avr5/libgcc.a(_exit.o)
                              /usr/local/lib/gcc/avr/9.1.0/../../../../avr/lib/avr5/crtatmega168p.o (exit)
/usr/local/lib/gcc/avr/9.1.0/avr5/libgcc.a(_tablejump2.o)
                              thermo.o (__tablejump2__)
/usr/local/lib/gcc/avr/9.1.0/avr5/libgcc.a(_copy_data.o)
                              thermo.o (__do_copy_data)
/usr/local/lib/gcc/avr/9.1.0/avr5/libgcc.a(_clear_bss.o)
                              thermo.o (__do_clear_bss)
/usr/local/lib/gcc/avr/9.1.0/avr5/libgcc.a(_udivmodhi4.o)
                              /usr/local/lib/gcc/avr/9.1.0/avr5/libgcc.a(_divmodhi4.o) (__udivmodhi4)
/usr/local/lib/gcc/avr/9.1.0/../../../../avr/lib/avr5/libc.a(rand.o)
                              thermo.o (rand)
/usr/local/lib/gcc/avr/9.1.0/avr5/libgcc.a(_divmodsi4.o)
                              /usr/local/lib/gcc/avr/9.1.0/../../../../avr/lib/avr5/libc.a(rand.o) (__divmodsi4)
/usr/local/lib/gcc/avr/9.1.0/avr5/libgcc.a(_negsi2.o)
                              /usr/local/lib/gcc/avr/9.1.0/avr5/libgcc.a(_divmodsi4.o) (__negsi2)
/usr/local/lib/gcc/avr/9.1.0/avr5/libgcc.a(_muluhisi3.o)
                              /usr/local/lib/gcc/avr/9.1.0/../../../../avr/lib/avr5/libc.a(rand.o) (__muluhisi3)
/usr/local/lib/gcc/avr/9.1.0/avr5/libgcc.a(_mulshisi3.o)
                              /usr/local/lib/gcc/avr/9.1.0/../../../../avr/lib/avr5/libc.a(rand.o) (__mulohisi3)
/usr/local/lib/gcc/avr/9.1.0/avr5/libgcc.a(_udivmodsi4.o)
                              /usr/local/lib/gcc/avr/9.1.0/avr5/libgcc.a(_divmodsi4.o) (__udivmodsi4)
/usr/local/lib/gcc/avr/9.1.0/avr5/libgcc.a(_umulhisi3.o)
                              /usr/local/lib/gcc/avr/9.1.0/avr5/libgcc.a(_muluhisi3.o) (__umulhisi3)

Allocating common symbols
Common symbol       size              file

zeicheninbuffer     0x1               uart.o
zufall              0x1               thermo.o
schreibzeiger       0x1               uart.o
UARTINDEX           0x2               uart.o
T_Sensorwert        0xa               uart.o
ztemp               0x1               thermo.o
lesezeiger          0x1               uart.o
debug               0x1               thermo.o
player1             0x1               thermo.o
rucksetzcount       0x1               uart.o
LED_HELLIGKEIT      0x1               thermo.o
LED_TASK            0x28              thermo.o
taskcount           0x1               thermo.o
LED_Timer           0x1               thermo.o
drehcounter         0x1               thermo.o
mode                0x1               thermo.o
puffer              0xfa              uart.o
CONTROLLWORD        0xa               uart.o
counter             0x1               thermo.o
player2             0x1               thermo.o
FLAGS               0x1               thermo.o
wzeiger             0x2               thermo.o
UFLAGS              0x1               uart.o
drehaktiv           0x1               thermo.o

Discarded input sections

 .data          0x0000000000000000        0x0 /usr/local/lib/gcc/avr/9.1.0/../../../../avr/lib/avr5/crtatmega168p.o
 .bss           0x0000000000000000        0x0 /usr/local/lib/gcc/avr/9.1.0/../../../../avr/lib/avr5/crtatmega168p.o
 .text          0x0000000000000000        0x0 thermo.o
 .data          0x0000000000000000        0x0 thermo.o
 .bss           0x0000000000000000        0x0 thermo.o
 .text.led_multiplex
                0x0000000000000000       0x58 thermo.o
 .text          0x0000000000000000        0x0 uart.o
 .data          0x0000000000000000        0x0 uart.o
 .bss           0x0000000000000000        0x0 uart.o
 .text          0x0000000000000000        0x0 /usr/local/lib/gcc/avr/9.1.0/avr5/libgcc.a(_divmodhi4.o)
 .data          0x0000000000000000        0x0 /usr/local/lib/gcc/avr/9.1.0/avr5/libgcc.a(_divmodhi4.o)
 .bss           0x0000000000000000        0x0 /usr/local/lib/gcc/avr/9.1.0/avr5/libgcc.a(_divmodhi4.o)
 .text.libgcc.mul
                0x0000000000000000        0x0 /usr/local/lib/gcc/avr/9.1.0/avr5/libgcc.a(_divmodhi4.o)
 .text.libgcc   0x0000000000000000        0x0 /usr/local/lib/gcc/avr/9.1.0/avr5/libgcc.a(_divmodhi4.o)
 .text.libgcc.prologue
                0x0000000000000000        0x0 /usr/local/lib/gcc/avr/9.1.0/avr5/libgcc.a(_divmodhi4.o)
 .text.libgcc.builtins
                0x0000000000000000        0x0 /usr/local/lib/gcc/avr/9.1.0/avr5/libgcc.a(_divmodhi4.o)
 .text.libgcc.fmul
                0x0000000000000000        0x0 /usr/local/lib/gcc/avr/9.1.0/avr5/libgcc.a(_divmodhi4.o)
 .text.libgcc.fixed
                0x0000000000000000        0x0 /usr/local/lib/gcc/avr/9.1.0/avr5/libgcc.a(_divmodhi4.o)
 .text          0x0000000000000000        0x0 /usr/local/lib/gcc/avr/9.1.0/avr5/libgcc.a(_exit.o)
 .data          0x0000000000000000        0x0 /usr/local/lib/gcc/avr/9.1.0/avr5/libgcc.a(_exit.o)
 .bss           0x0000000000000000        0x0 /usr/local/lib/gcc/avr/9.1.0/avr5/libgcc.a(_exit.o)
 .text.libgcc.mul
                0x0000000000000000        0x0 /usr/local/lib/gcc/avr/9.1.0/avr5/libgcc.a(_exit.o)
 .text.libgcc.div
                0x0000000000000000        0x0 /usr/local/lib/gcc/avr/9.1.0/avr5/libgcc.a(_exit.o)
 .text.libgcc   0x0000000000000000        0x0 /usr/local/lib/gcc/avr/9.1.0/avr5/libgcc.a(_exit.o)
 .text.libgcc.prologue
                0x0000000000000000        0x0 /usr/local/lib/gcc/avr/9.1.0/avr5/libgcc.a(_exit.o)
 .text.libgcc.builtins
                0x0000000000000000        0x0 /usr/local/lib/gcc/avr/9.1.0/avr5/libgcc.a(_exit.o)
 .text.libgcc.fmul
                0x0000000000000000        0x0 /usr/local/lib/gcc/avr/9.1.0/avr5/libgcc.a(_exit.o)
 .text.libgcc.fixed
                0x0000000000000000        0x0 /usr/local/lib/gcc/avr/9.1.0/avr5/libgcc.a(_exit.o)
 .text          0x0000000000000000        0x0 /usr/local/lib/gcc/avr/9.1.0/avr5/libgcc.a(_tablejump2.o)
 .data          0x0000000000000000        0x0 /usr/local/lib/gcc/avr/9.1.0/avr5/libgcc.a(_tablejump2.o)
 .bss           0x0000000000000000        0x0 /usr/local/lib/gcc/avr/9.1.0/avr5/libgcc.a(_tablejump2.o)
 .text.libgcc.mul
                0x0000000000000000        0x0 /usr/local/lib/gcc/avr/9.1.0/avr5/libgcc.a(_tablejump2.o)
 .text.libgcc.div
                0x0000000000000000        0x0 /usr/local/lib/gcc/avr/9.1.0/avr5/libgcc.a(_tablejump2.o)
 .text.libgcc.prologue
                0x0000000000000000        0x0 /usr/local/lib/gcc/avr/9.1.0/avr5/libgcc.a(_tablejump2.o)
 .text.libgcc.builtins
                0x0000000000000000        0x0 /usr/local/lib/gcc/avr/9.1.0/avr5/libgcc.a(_tablejump2.o)
 .text.libgcc.fmul
                0x0000000000000000        0x0 /usr/local/lib/gcc/avr/9.1.0/avr5/libgcc.a(_tablejump2.o)
 .text.libgcc.fixed
                0x0000000000000000        0x0 /usr/local/lib/gcc/avr/9.1.0/avr5/libgcc.a(_tablejump2.o)
 .text          0x0000000000000000        0x0 /usr/local/lib/gcc/avr/9.1.0/avr5/libgcc.a(_copy_data.o)
 .data          0x0000000000000000        0x0 /usr/local/lib/gcc/avr/9.1.0/avr5/libgcc.a(_copy_data.o)
 .bss           0x0000000000000000        0x0 /usr/local/lib/gcc/avr/9.1.0/avr5/libgcc.a(_copy_data.o)
 .text.libgcc.mul
                0x0000000000000000        0x0 /usr/local/lib/gcc/avr/9.1.0/avr5/libgcc.a(_copy_data.o)
 .text.libgcc.div
                0x0000000000000000        0x0 /usr/local/lib/gcc/avr/9.1.0/avr5/libgcc.a(_copy_data.o)
 .text.libgcc   0x0000000000000000        0x0 /usr/local/lib/gcc/avr/9.1.0/avr5/libgcc.a(_copy_data.o)
 .text.libgcc.prologue
                0x0000000000000000        0x0 /usr/local/lib/gcc/avr/9.1.0/avr5/libgcc.a(_copy_data.o)
 .text.libgcc.builtins
                0x0000000000000000        0x0 /usr/local/lib/gcc/avr/9.1.0/avr5/libgcc.a(_copy_data.o)
 .text.libgcc.fmul
                0x0000000000000000        0x0 /usr/local/lib/gcc/avr/9.1.0/avr5/libgcc.a(_copy_data.o)
 .text.libgcc.fixed
                0x0000000000000000        0x0 /usr/local/lib/gcc/avr/9.1.0/avr5/libgcc.a(_copy_data.o)
 .text          0x0000000000000000        0x0 /usr/local/lib/gcc/avr/9.1.0/avr5/libgcc.a(_clear_bss.o)
 .data          0x0000000000000000        0x0 /usr/local/lib/gcc/avr/9.1.0/avr5/libgcc.a(_clear_bss.o)
 .bss           0x0000000000000000        0x0 /usr/local/lib/gcc/avr/9.1.0/avr5/libgcc.a(_clear_bss.o)
 .text.libgcc.mul
                0x0000000000000000        0x0 /usr/local/lib/gcc/avr/9.1.0/avr5/libgcc.a(_clear_bss.o)
 .text.libgcc.div
                0x0000000000000000        0x0 /usr/local/lib/gcc/avr/9.1.0/avr5/libgcc.a(_clear_bss.o)
 .text.libgcc   0x0000000000000000        0x0 /usr/local/lib/gcc/avr/9.1.0/avr5/libgcc.a(_clear_bss.o)
 .text.libgcc.prologue
                0x0000000000000000        0x0 /usr/local/lib/gcc/avr/9.1.0/avr5/libgcc.a(_clear_bss.o)
 .text.libgcc.builtins
                0x0000000000000000        0x0 /usr/local/lib/gcc/avr/9.1.0/avr5/libgcc.a(_clear_bss.o)
 .text.libgcc.fmul
                0x0000000000000000        0x0 /usr/local/lib/gcc/avr/9.1.0/avr5/libgcc.a(_clear_bss.o)
 .text.libgcc.fixed
                0x0000000000000000        0x0 /usr/local/lib/gcc/avr/9.1.0/avr5/libgcc.a(_clear_bss.o)
 .text          0x0000000000000000        0x0 /usr/local/lib/gcc/avr/9.1.0/avr5/libgcc.a(_udivmodhi4.o)
 .data          0x0000000000000000        0x0 /usr/local/lib/gcc/avr/9.1.0/avr5/libgcc.a(_udivmodhi4.o)
 .bss           0x0000000000000000        0x0 /usr/local/lib/gcc/avr/9.1.0/avr5/libgcc.a(_udivmodhi4.o)
 .text.libgcc.mul
                0x0000000000000000        0x0 /usr/local/lib/gcc/avr/9.1.0/avr5/libgcc.a(_udivmodhi4.o)
 .text.libgcc   0x0000000000000000        0x0 /usr/local/lib/gcc/avr/9.1.0/avr5/libgcc.a(_udivmodhi4.o)
 .text.libgcc.prologue
                0x0000000000000000        0x0 /usr/local/lib/gcc/avr/9.1.0/avr5/libgcc.a(_udivmodhi4.o)
 .text.libgcc.builtins
                0x0000000000000000        0x0 /usr/local/lib/gcc/avr/9.1.0/avr5/libgcc.a(_udivmodhi4.o)
 .text.libgcc.fmul
                0x0000000000000000        0x0 /usr/local/lib/gcc/avr/9.1.0/avr5/libgcc.a(_udivmodhi4.o)
 .text.libgcc.fixed
                0x0000000000000000        0x0 /usr/local/lib/gcc/avr/9.1.0/avr5/libgcc.a(_udivmodhi4.o)
 .text          0x0000000000000000        0x0 /usr/local/lib/gcc/avr/9.1.0/../../../../avr/lib/avr5/libc.a(rand.o)
 .bss           0x0000000000000000        0x0 /usr/local/lib/gcc/avr/9.1.0/../../../../avr/lib/avr5/libc.a(rand.o)
 .text          0x0000000000000000        0x0 /usr/local/lib/gcc/avr/9.1.0/avr5/libgcc.a(_divmodsi4.o)
 .data          0x0000000000000000        0x0 /usr/local/lib/gcc/avr/9.1.0/avr5/libgcc.a(_divmodsi4.o)
 .bss           0x0000000000000000        0x0 /usr/local/lib/gcc/avr/9.1.0/avr5/libgcc.a(_divmodsi4.o)
 .text.libgcc.mul
                0x0000000000000000        0x0 /usr/local/lib/gcc/avr/9.1.0/avr5/libgcc.a(_divmodsi4.o)
 .text.libgcc   0x0000000000000000        0x0 /usr/local/lib/gcc/avr/9.1.0/avr5/libgcc.a(_divmodsi4.o)
 .text.libgcc.prologue
                0x0000000000000000        0x0 /usr/local/lib/gcc/avr/9.1.0/avr5/libgcc.a(_divmodsi4.o)
 .text.libgcc.builtins
                0x0000000000000000        0x0 /usr/local/lib/gcc/avr/9.1.0/avr5/libgcc.a(_divmodsi4.o)
 .text.libgcc.fmul
                0x0000000000000000        0x0 /usr/local/lib/gcc/avr/9.1.0/avr5/libgcc.a(_divmodsi4.o)
 .text.libgcc.fixed
                0x0000000000000000        0x0 /usr/local/lib/gcc/avr/9.1.0/avr5/libgcc.a(_divmodsi4.o)
 .text          0x0000000000000000        0x0 /usr/local/lib/gcc/avr/9.1.0/avr5/libgcc.a(_negsi2.o)
 .data          0x0000000000000000        0x0 /usr/local/lib/gcc/avr/9.1.0/avr5/libgcc.a(_negsi2.o)
 .bss           0x0000000000000000        0x0 /usr/local/lib/gcc/avr/9.1.0/avr5/libgcc.a(_negsi2.o)
 .text.libgcc.mul
                0x0000000000000000        0x0 /usr/local/lib/gcc/avr/9.1.0/avr5/libgcc.a(_negsi2.o)
 .text.libgcc   0x0000000000000000        0x0 /usr/local/lib/gcc/avr/9.1.0/avr5/libgcc.a(_negsi2.o)
 .text.libgcc.prologue
                0x0000000000000000        0x0 /usr/local/lib/gcc/avr/9.1.0/avr5/libgcc.a(_negsi2.o)
 .text.libgcc.builtins
                0x0000000000000000        0x0 /usr/local/lib/gcc/avr/9.1.0/avr5/libgcc.a(_negsi2.o)
 .text.libgcc.fmul
                0x0000000000000000        0x0 /usr/local/lib/gcc/avr/9.1.0/avr5/libgcc.a(_negsi2.o)
 .text.libgcc.fixed
                0x0000000000000000        0x0 /usr/local/lib/gcc/avr/9.1.0/avr5/libgcc.a(_negsi2.o)
 .text          0x0000000000000000        0x0 /usr/local/lib/gcc/avr/9.1.0/avr5/libgcc.a(_muluhisi3.o)
 .data          0x0000000000000000        0x0 /usr/local/lib/gcc/avr/9.1.0/avr5/libgcc.a(_muluhisi3.o)
 .bss           0x0000000000000000        0x0 /usr/local/lib/gcc/avr/9.1.0/avr5/libgcc.a(_muluhisi3.o)
 .text.libgcc.div
                0x0000000000000000        0x0 /usr/local/lib/gcc/avr/9.1.0/avr5/libgcc.a(_muluhisi3.o)
 .text.libgcc   0x0000000000000000        0x0 /usr/local/lib/gcc/avr/9.1.0/avr5/libgcc.a(_muluhisi3.o)
 .text.libgcc.prologue
                0x0000000000000000        0x0 /usr/local/lib/gcc/avr/9.1.0/avr5/libgcc.a(_muluhisi3.o)
 .text.libgcc.builtins
                0x0000000000000000        0x0 /usr/local/lib/gcc/avr/9.1.0/avr5/libgcc.a(_muluhisi3.o)
 .text.libgcc.fmul
                0x0000000000000000        0x0 /usr/local/lib/gcc/avr/9.1.0/avr5/libgcc.a(_muluhisi3.o)
 .text.libgcc.fixed
                0x0000000000000000        0x0 /usr/local/lib/gcc/avr/9.1.0/avr5/libgcc.a(_muluhisi3.o)
 .text          0x0000000000000000        0x0 /usr/local/lib/gcc/avr/9.1.0/avr5/libgcc.a(_mulshisi3.o)
 .data          0x0000000000000000        0x0 /usr/local/lib/gcc/avr/9.1.0/avr5/libgcc.a(_mulshisi3.o)
 .bss           0x0000000000000000        0x0 /usr/local/lib/gcc/avr/9.1.0/avr5/libgcc.a(_mulshisi3.o)
 .text.libgcc.div
                0x0000000000000000        0x0 /usr/local/lib/gcc/avr/9.1.0/avr5/libgcc.a(_mulshisi3.o)
 .text.libgcc   0x0000000000000000        0x0 /usr/local/lib/gcc/avr/9.1.0/avr5/libgcc.a(_mulshisi3.o)
 .text.libgcc.prologue
                0x0000000000000000        0x0 /usr/local/lib/gcc/avr/9.1.0/avr5/libgcc.a(_mulshisi3.o)
 .text.libgcc.builtins
                0x0000000000000000        0x0 /usr/local/lib/gcc/avr/9.1.0/avr5/libgcc.a(_mulshisi3.o)
 .text.libgcc.fmul
                0x0000000000000000        0x0 /usr/local/lib/gcc/avr/9.1.0/avr5/libgcc.a(_mulshisi3.o)
 .text.libgcc.fixed
                0x0000000000000000        0x0 /usr/local/lib/gcc/avr/9.1.0/avr5/libgcc.a(_mulshisi3.o)
 .text          0x0000000000000000        0x0 /usr/local/lib/gcc/avr/9.1.0/avr5/libgcc.a(_udivmodsi4.o)
 .data          0x0000000000000000        0x0 /usr/local/lib/gcc/avr/9.1.0/avr5/libgcc.a(_udivmodsi4.o)
 .bss           0x0000000000000000        0x0 /usr/local/lib/gcc/avr/9.1.0/avr5/libgcc.a(_udivmodsi4.o)
 .text.libgcc.mul
                0x0000000000000000        0x0 /usr/local/lib/gcc/avr/9.1.0/avr5/libgcc.a(_udivmodsi4.o)
 .text.libgcc   0x0000000000000000        0x0 /usr/local/lib/gcc/avr/9.1.0/avr5/libgcc.a(_udivmodsi4.o)
 .text.libgcc.prologue
                0x0000000000000000        0x0 /usr/local/lib/gcc/avr/9.1.0/avr5/libgcc.a(_udivmodsi4.o)
 .text.libgcc.builtins
                0x0000000000000000        0x0 /usr/local/lib/gcc/avr/9.1.0/avr5/libgcc.a(_udivmodsi4.o)
 .text.libgcc.fmul
                0x0000000000000000        0x0 /usr/local/lib/gcc/avr/9.1.0/avr5/libgcc.a(_udivmodsi4.o)
 .text.libgcc.fixed
                0x0000000000000000        0x0 /usr/local/lib/gcc/avr/9.1.0/avr5/libgcc.a(_udivmodsi4.o)
 .text          0x0000000000000000        0x0 /usr/local/lib/gcc/avr/9.1.0/avr5/libgcc.a(_umulhisi3.o)
 .data          0x0000000000000000        0x0 /usr/local/lib/gcc/avr/9.1.0/avr5/libgcc.a(_umulhisi3.o)
 .bss           0x0000000000000000        0x0 /usr/local/lib/gcc/avr/9.1.0/avr5/libgcc.a(_umulhisi3.o)
 .text.libgcc.div
                0x0000000000000000        0x0 /usr/local/lib/gcc/avr/9.1.0/avr5/libgcc.a(_umulhisi3.o)
 .text.libgcc   0x0000000000000000        0x0 /usr/local/lib/gcc/avr/9.1.0/avr5/libgcc.a(_umulhisi3.o)
 .text.libgcc.prologue
                0x0000000000000000        0x0 /usr/local/lib/gcc/avr/9.1.0/avr5/libgcc.a(_umulhisi3.o)
 .text.libgcc.builtins
                0x0000000000000000        0x0 /usr/local/lib/gcc/avr/9.1.0/avr5/libgcc.a(_umulhisi3.o)
 .text.libgcc.fmul
                0x0000000000000000        0x0 /usr/local/lib/gcc/avr/9.1.0/avr5/libgcc.a(_umulhisi3.o)
 .text.libgcc.fixed
                0x0000000000000000        0x0 /usr/local/lib/gcc/avr/9.1.0/avr5/libgcc.a(_umulhisi3.o)

Memory Configuration

Name             Origin             Length             Attributes
text             0x0000000000000000 0x0000000000020000 xr
data             0x0000000000800060 0x000000000000ffa0 rw !x
eeprom           0x0000000000810000 0x0000000000010000 rw !x
fuse             0x0000000000820000 0x0000000000000400 rw !x
lock             0x0000000000830000 0x0000000000000400 rw !x
signature        0x0000000000840000 0x0000000000000400 rw !x
*default*        0x0000000000000000 0xffffffffffffffff

Linker script and memory map

Address of section .data set to 0x800100
LOAD /usr/local/lib/gcc/avr/9.1.0/../../../../avr/lib/avr5/crtatmega168p.o
LOAD thermo.o
LOAD uart.o
START GROUP
LOAD /usr/local/lib/gcc/avr/9.1.0/../../../../avr/lib/avr5/libm.a
END GROUP
START GROUP
LOAD /usr/local/lib/gcc/avr/9.1.0/avr5/libgcc.a
LOAD /usr/local/lib/gcc/avr/9.1.0/../../../../avr/lib/avr5/libm.a
LOAD /usr/local/lib/gcc/avr/9.1.0/../../../../avr/lib/avr5/libc.a
LOAD /usr/local/lib/gcc/avr/9.1.0/../../../../avr/lib/avr5/libatmega168p.a
END GROUP

.hash
 *(.hash)

.dynsym
 *(.dynsym)

.dynstr
 *(.dynstr)

.gnu.version
 *(.gnu.version)

.gnu.version_d
 *(.gnu.version_d)

.gnu.version_r
 *(.gnu.version_r)

.rel.init
 *(.rel.init)

.rela.init
 *(.rela.init)

.rel.text
 *(.rel.text)
 *(.rel.text.*)
 *(.rel.gnu.linkonce.t*)

.rela.text
 *(.rela.text)
 *(.rela.text.*)
 *(.rela.gnu.linkonce.t*)

.rel.fini
 *(.rel.fini)

.rela.fini
 *(.rela.fini)

.rel.rodata
 *(.rel.rodata)
 *(.rel.rodata.*)
 *(.rel.gnu.linkonce.r*)

.rela.rodata
 *(.rela.rodata)
 *(.rela.rodata.*)
 *(.rela.gnu.linkonce.r*)

.rel.data
 *(.rel.data)
 *(.rel.data.*)
 *(.rel.gnu.linkonce.d*)

.rela.data
 *(.rela.data)
 *(.rela.data.*)
 *(.rela.gnu.linkonce.d*)

.rel.ctors
 *(.rel.ctors)

.rela.ctors
 *(.rela.ctors)

.rel.dtors
 *(.rel.dtors)

.rela.dtors
 *(.rela.dtors)

.rel.got
 *(.rel.got)

.rela.got
 *(.rela.got)

.rel.bss
 *(.rel.bss)

.rela.bss
 *(.rela.bss)

.rel.plt
 *(.rel.plt)

.rela.plt
 *(.rela.plt)

.text           0x0000000000000000      0xf88
 *(.vectors)
 .vectors       0x0000000000000000       0x68 /usr/local/lib/gcc/avr/9.1.0/../../../../avr/lib/avr5/crtatmega168p.o
                0x0000000000000000                __vectors
                0x0000000000000000                __vector_default
 *(.vectors)
 *(.progmem.gcc*)
                0x0000000000000068                . = ALIGN (0x2)
                0x0000000000000068                __trampolines_start = .
 *(.trampolines)
 .trampolines   0x0000000000000068        0x0 linker stubs
 *(.trampolines*)
                0x0000000000000068                __trampolines_end = .
 *(.progmem*)
                0x0000000000000068                . = ALIGN (0x2)
 *(.jumptables)
 *(.jumptables*)
 .jumptables.gcc.wuerfel
                0x0000000000000068        0xe thermo.o
 .jumptables.gcc.zeilenwahl
                0x0000000000000076       0x26 thermo.o
 *(.lowtext)
 *(.lowtext*)
                0x000000000000009c                __ctors_start = .
 *(.ctors)
                0x000000000000009c                __ctors_end = .
                0x000000000000009c                __dtors_start = .
 *(.dtors)
                0x000000000000009c                __dtors_end = .
 SORT(*)(.ctors)
 SORT(*)(.dtors)
 *(.init0)
 .init0         0x000000000000009c        0x0 /usr/local/lib/gcc/avr/9.1.0/../../../../avr/lib/avr5/crtatmega168p.o
                0x000000000000009c                __init
 *(.init0)
 *(.init1)
 *(.init1)
 *(.init2)
 .init2         0x000000000000009c        0xc /usr/local/lib/gcc/avr/9.1.0/../../../../avr/lib/avr5/crtatmega168p.o
 *(.init2)
 *(.init3)
 *(.init3)
 *(.init4)
 .init4         0x00000000000000a8       0x16 /usr/local/lib/gcc/avr/9.1.0/avr5/libgcc.a(_copy_data.o)
                0x00000000000000a8                __do_copy_data
 .init4         0x00000000000000be       0x10 /usr/local/lib/gcc/avr/9.1.0/avr5/libgcc.a(_clear_bss.o)
                0x00000000000000be                __do_clear_bss
 *(.init4)
 *(.init5)
 *(.init5)
 *(.init6)
 *(.init6)
 *(.init7)
 *(.init7)
 *(.init8)
 *(.init8)
 *(.init9)
 .init9         0x00000000000000ce        0x8 /usr/local/lib/gcc/avr/9.1.0/../../../../avr/lib/avr5/crtatmega168p.o
 *(.init9)
 *(.text)
 .text          0x00000000000000d6        0x4 /usr/local/lib/gcc/avr/9.1.0/../../../../avr/lib/avr5/crtatmega168p.o
                0x00000000000000d6                __vector_20
                0x00000000000000d6                __vector_1
                0x00000000000000d6                __vector_24
                0x00000000000000d6                __vector_12
                0x00000000000000d6                __bad_interrupt
                0x00000000000000d6                __vector_6
                0x00000000000000d6                __vector_3
                0x00000000000000d6                __vector_23
                0x00000000000000d6                __vector_25
                0x00000000000000d6                __vector_11
                0x00000000000000d6                __vector_13
                0x00000000000000d6                __vector_17
                0x00000000000000d6                __vector_19
                0x00000000000000d6                __vector_7
                0x00000000000000d6                __vector_5
                0x00000000000000d6                __vector_4
                0x00000000000000d6                __vector_2
                0x00000000000000d6                __vector_21
                0x00000000000000d6                __vector_15
                0x00000000000000d6                __vector_8
                0x00000000000000d6                __vector_10
                0x00000000000000d6                __vector_22
                0x00000000000000da                . = ALIGN (0x2)
 *(.text.*)
 .text.multi_player
                0x00000000000000da       0xa2 thermo.o
                0x00000000000000da                multi_player
 .text.wuerfel  0x000000000000017c       0x92 thermo.o
                0x000000000000017c                wuerfel
 .text.drehenr  0x000000000000020e       0x84 thermo.o
                0x000000000000020e                drehenr
 .text.wuerfellos
                0x0000000000000292       0x74 thermo.o
                0x0000000000000292                wuerfellos
 .text.ledband  0x0000000000000306       0x5a thermo.o
                0x0000000000000306                ledband
 .text.zeilenwahl
                0x0000000000000360      0x1a4 thermo.o
                0x0000000000000360                zeilenwahl
 .text.PORTs_init
                0x0000000000000504       0x16 thermo.o
                0x0000000000000504                PORTs_init
 .text.TIMER_init
                0x000000000000051a       0x20 thermo.o
                0x000000000000051a                TIMER_init
 .text.main     0x000000000000053a      0x2c0 thermo.o
                0x000000000000053a                main
 .text.__vector_16
                0x00000000000007fa       0xa6 thermo.o
                0x00000000000007fa                __vector_16
 .text.__vector_14
                0x00000000000008a0       0x14 thermo.o
                0x00000000000008a0                __vector_14
 .text.__vector_9
                0x00000000000008b4       0x90 thermo.o
                0x00000000000008b4                __vector_9
 .text.__vector_18
                0x0000000000000944       0x48 uart.o
                0x0000000000000944                __vector_18
 .text.UART_init
                0x000000000000098c       0x12 uart.o
                0x000000000000098c                UART_init
 .text.UART_SendByte
                0x000000000000099e       0x24 uart.o
                0x000000000000099e                UART_SendByte
 .text.putstring
                0x00000000000009c2       0x20 uart.o
                0x00000000000009c2                putstring
 .text.errorcodeu
                0x00000000000009e2       0x44 uart.o
                0x00000000000009e2                errorcodeu
 .text.usart_getc_intr
                0x0000000000000a26       0xb2 uart.o
                0x0000000000000a26                usart_getc_intr
 .text.uart_action
                0x0000000000000ad8      0x27a uart.o
                0x0000000000000ad8                uart_action
 .text.uart_timer_action
                0x0000000000000d52       0x20 uart.o
                0x0000000000000d52                uart_timer_action
 .text.libgcc.div
                0x0000000000000d72       0x28 /usr/local/lib/gcc/avr/9.1.0/avr5/libgcc.a(_divmodhi4.o)
                0x0000000000000d72                __divmodhi4
                0x0000000000000d72                _div
 .text.libgcc   0x0000000000000d9a        0xc /usr/local/lib/gcc/avr/9.1.0/avr5/libgcc.a(_tablejump2.o)
                0x0000000000000d9a                __tablejump2__
 .text.libgcc.div
                0x0000000000000da6       0x28 /usr/local/lib/gcc/avr/9.1.0/avr5/libgcc.a(_udivmodhi4.o)
                0x0000000000000da6                __udivmodhi4
 .text.avr-libc
                0x0000000000000dce       0xf0 /usr/local/lib/gcc/avr/9.1.0/../../../../avr/lib/avr5/libc.a(rand.o)
                0x0000000000000e98                rand_r
                0x0000000000000e9e                rand
                0x0000000000000ea8                srand
 .text.libgcc.div
                0x0000000000000ebe       0x2e /usr/local/lib/gcc/avr/9.1.0/avr5/libgcc.a(_divmodsi4.o)
                0x0000000000000ebe                __divmodsi4
 .text.libgcc.div
                0x0000000000000eec       0x10 /usr/local/lib/gcc/avr/9.1.0/avr5/libgcc.a(_negsi2.o)
                0x0000000000000eec                __negsi2
 .text.libgcc.mul
                0x0000000000000efc       0x16 /usr/local/lib/gcc/avr/9.1.0/avr5/libgcc.a(_muluhisi3.o)
                0x0000000000000efc                __muluhisi3
 .text.libgcc.mul
                0x0000000000000f12       0x10 /usr/local/lib/gcc/avr/9.1.0/avr5/libgcc.a(_mulshisi3.o)
                0x0000000000000f12                __mulshisi3
                0x0000000000000f18                __mulohisi3
 .text.libgcc.div
                0x0000000000000f22       0x44 /usr/local/lib/gcc/avr/9.1.0/avr5/libgcc.a(_udivmodsi4.o)
                0x0000000000000f22                __udivmodsi4
 .text.libgcc.mul
                0x0000000000000f66       0x1e /usr/local/lib/gcc/avr/9.1.0/avr5/libgcc.a(_umulhisi3.o)
                0x0000000000000f66                __umulhisi3
                0x0000000000000f84                . = ALIGN (0x2)
 *(.fini9)
 .fini9         0x0000000000000f84        0x0 /usr/local/lib/gcc/avr/9.1.0/avr5/libgcc.a(_exit.o)
                0x0000000000000f84                exit
                0x0000000000000f84                _exit
 *(.fini9)
 *(.fini8)
 *(.fini8)
 *(.fini7)
 *(.fini7)
 *(.fini6)
 *(.fini6)
 *(.fini5)
 *(.fini5)
 *(.fini4)
 *(.fini4)
 *(.fini3)
 *(.fini3)
 *(.fini2)
 *(.fini2)
 *(.fini1)
 *(.fini1)
 *(.fini0)
 .fini0         0x0000000000000f84        0x4 /usr/local/lib/gcc/avr/9.1.0/avr5/libgcc.a(_exit.o)
 *(.fini0)
                0x0000000000000f88                _etext = .

.data           0x0000000000800100       0x92 load address 0x0000000000000f88
                0x0000000000800100                PROVIDE (__data_start, .)
 *(.data)
 .data          0x0000000000800100        0x4 /usr/local/lib/gcc/avr/9.1.0/../../../../avr/lib/avr5/libc.a(rand.o)
 *(.data*)
 *(.rodata)
 *(.rodata*)
 .rodata.main.str1.1
                0x0000000000800104       0x20 thermo.o
 .rodata.uart_action.str1.1
                0x0000000000800124       0x6e uart.o
 *(.gnu.linkonce.d*)
                0x0000000000800192                . = ALIGN (0x2)
                0x0000000000800192                _edata = .
                0x0000000000800192                PROVIDE (__data_end, .)

.bss            0x0000000000800192      0x14c
                0x0000000000800192                PROVIDE (__bss_start, .)
 *(.bss)
 *(.bss*)
 *(COMMON)
 COMMON         0x0000000000800192       0x37 thermo.o
                0x0000000000800192                zufall
                0x0000000000800193                ztemp
                0x0000000000800194                debug
                0x0000000000800195                player1
                0x0000000000800196                LED_HELLIGKEIT
                0x0000000000800197                LED_TASK
                0x00000000008001bf                taskcount
                0x00000000008001c0                LED_Timer
                0x00000000008001c1                drehcounter
                0x00000000008001c2                mode
                0x00000000008001c3                counter
                0x00000000008001c4                player2
                0x00000000008001c5                FLAGS
                0x00000000008001c6                wzeiger
                0x00000000008001c8                drehaktiv
 COMMON         0x00000000008001c9      0x115 uart.o
                0x00000000008001c9                zeicheninbuffer
                0x00000000008001ca                schreibzeiger
                0x00000000008001cb                UARTINDEX
                0x00000000008001cd                T_Sensorwert
                0x00000000008001d7                lesezeiger
                0x00000000008001d8                rucksetzcount
                0x00000000008001d9                puffer
                0x00000000008002d3                CONTROLLWORD
                0x00000000008002dd                UFLAGS
                0x00000000008002de                PROVIDE (__bss_end, .)
                0x0000000000000f88                __data_load_start = LOADADDR (.data)
                0x000000000000101a                __data_load_end = (__data_load_start + SIZEOF (.data))

.noinit         0x00000000008002de        0x0
                0x00000000008002de                PROVIDE (__noinit_start, .)
 *(.noinit*)
                0x00000000008002de                PROVIDE (__noinit_end, .)
                0x00000000008002de                _end = .
                0x00000000008002de                PROVIDE (__heap_start, .)

.eeprom         0x0000000000810000        0x0
 *(.eeprom*)
                0x0000000000810000                __eeprom_end = .

.fuse
 *(.fuse)
 *(.lfuse)
 *(.hfuse)
 *(.efuse)

.lock
 *(.lock*)

.signature
 *(.signature*)

.stab           0x0000000000000000     0x3798
 *(.stab)
 .stab          0x0000000000000000     0x1f2c thermo.o
                                       0x2004 (size before relaxing)
 .stab          0x0000000000001f2c      0xccc uart.o
                                        0xedc (size before relaxing)
 .stab          0x0000000000002bf8      0x138 /usr/local/lib/gcc/avr/9.1.0/avr5/libgcc.a(_divmodhi4.o)
                                        0x144 (size before relaxing)
 .stab          0x0000000000002d30       0x6c /usr/local/lib/gcc/avr/9.1.0/avr5/libgcc.a(_exit.o)
                                         0x78 (size before relaxing)
 .stab          0x0000000000002d9c       0x9c /usr/local/lib/gcc/avr/9.1.0/avr5/libgcc.a(_tablejump2.o)
                                         0xa8 (size before relaxing)
 .stab          0x0000000000002e38       0xd8 /usr/local/lib/gcc/avr/9.1.0/avr5/libgcc.a(_copy_data.o)
                                         0xe4 (size before relaxing)
 .stab          0x0000000000002f10       0xb4 /usr/local/lib/gcc/avr/9.1.0/avr5/libgcc.a(_clear_bss.o)
                                         0xc0 (size before relaxing)
 .stab          0x0000000000002fc4      0x15c /usr/local/lib/gcc/avr/9.1.0/avr5/libgcc.a(_udivmodhi4.o)
                                        0x168 (size before relaxing)
 .stab          0x0000000000003120      0x144 /usr/local/lib/gcc/avr/9.1.0/avr5/libgcc.a(_divmodsi4.o)
                                        0x150 (size before relaxing)
 .stab          0x0000000000003264       0x6c /usr/local/lib/gcc/avr/9.1.0/avr5/libgcc.a(_negsi2.o)
                                         0x78 (size before relaxing)
 .stab          0x00000000000032d0       0xcc /usr/local/lib/gcc/avr/9.1.0/avr5/libgcc.a(_muluhisi3.o)
                                         0xd8 (size before relaxing)
 .stab          0x000000000000339c       0xcc /usr/local/lib/gcc/avr/9.1.0/avr5/libgcc.a(_mulshisi3.o)
                                         0xd8 (size before relaxing)
 .stab          0x0000000000003468      0x228 /usr/local/lib/gcc/avr/9.1.0/avr5/libgcc.a(_udivmodsi4.o)
                                        0x234 (size before relaxing)
 .stab          0x0000000000003690      0x108 /usr/local/lib/gcc/avr/9.1.0/avr5/libgcc.a(_umulhisi3.o)
                                        0x114 (size before relaxing)

.stabstr        0x0000000000000000     0x14eb
 *(.stabstr)
 .stabstr       0x0000000000000000     0x14eb thermo.o

.stab.excl
 *(.stab.excl)

.stab.exclstr
 *(.stab.exclstr)

.stab.index
 *(.stab.index)

.stab.indexstr
 *(.stab.indexstr)

.comment        0x0000000000000000       0x11
 *(.comment)
 .comment       0x0000000000000000       0x11 thermo.o
                                         0x12 (size before relaxing)
 .comment       0x0000000000000011       0x12 uart.o
 .comment       0x0000000000000011       0x12 /usr/local/lib/gcc/avr/9.1.0/../../../../avr/lib/avr5/libc.a(rand.o)

.note.gnu.avr.deviceinfo
                0x0000000000000000       0x40
 .note.gnu.avr.deviceinfo
                0x0000000000000000       0x40 /usr/local/lib/gcc/avr/9.1.0/../../../../avr/lib/avr5/crtatmega168p.o

.note.gnu.build-id
 *(.note.gnu.build-id)

.debug
 *(.debug)

.line
 *(.line)

.debug_srcinfo
 *(.debug_srcinfo)

.debug_sfnames
 *(.debug_sfnames)

.debug_aranges
 *(.debug_aranges)

.debug_pubnames
 *(.debug_pubnames)

.debug_info     0x0000000000000000      0x5f4
 *(.debug_info .gnu.linkonce.wi.*)
 .debug_info    0x0000000000000000      0x5f4 /usr/local/lib/gcc/avr/9.1.0/../../../../avr/lib/avr5/crtatmega168p.o

.debug_abbrev   0x0000000000000000      0x5a2
 *(.debug_abbrev)
 .debug_abbrev  0x0000000000000000      0x5a2 /usr/local/lib/gcc/avr/9.1.0/../../../../avr/lib/avr5/crtatmega168p.o

.debug_line     0x0000000000000000       0x1d
 *(.debug_line .debug_line.* .debug_line_end)
 .debug_line    0x0000000000000000       0x1d /usr/local/lib/gcc/avr/9.1.0/../../../../avr/lib/avr5/crtatmega168p.o

.debug_frame
 *(.debug_frame)

.debug_str      0x0000000000000000      0x208
 *(.debug_str)
 .debug_str     0x0000000000000000      0x208 /usr/local/lib/gcc/avr/9.1.0/../../../../avr/lib/avr5/crtatmega168p.o

.debug_loc
 *(.debug_loc)

.debug_macinfo
 *(.debug_macinfo)

.debug_weaknames
 *(.debug_weaknames)

.debug_funcnames
 *(.debug_funcnames)

.debug_typenames
 *(.debug_typenames)

.debug_varnames
 *(.debug_varnames)

.debug_pubtypes
 *(.debug_pubtypes)

.debug_ranges
 *(.debug_ranges)

.debug_macro
 *(.debug_macro)
OUTPUT(Thermometer.elf elf32-avr)
LOAD linker stubs
